src/pages/AIChat.tsx(2,28): error TS2307: Cannot find module '../../components/ui/GlassPanel' or its corresponding type declarations.
src/pages/AIChat.tsx(3,29): error TS2307: Cannot find module '../../types' or its corresponding type declarations.
src/pages/AIChat.tsx(4,28): error TS2307: Cannot find module '../../services/api' or its corresponding type declarations.
src/pages/AIChat.tsx(181,39): error TS7006: Parameter 's' implicitly has an 'any' type.
src/pages/Dashboard.tsx(1,26): error TS2307: Cannot find module '../../context/ZoneContext' or its corresponding type declarations.
src/pages/Dashboard.tsx(2,38): error TS2307: Cannot find module '../../components/ui/GlassPanel' or its corresponding type declarations.
src/pages/Dashboard.tsx(3,26): error TS2307: Cannot find module '../../components/ui/ZoneCard' or its corresponding type declarations.
src/pages/Dashboard.tsx(4,28): error TS2307: Cannot find module '../../components/ui/AlertPanel' or its corresponding type declarations.
src/pages/Dashboard.tsx(5,30): error TS2307: Cannot find module '../../services/api' or its corresponding type declarations.
src/pages/Dashboard.tsx(12,39): error TS7006: Parameter 'z' implicitly has an 'any' type.
src/pages/Dashboard.tsx(13,37): error TS7006: Parameter 'z' implicitly has an 'any' type.
src/pages/Dashboard.tsx(13,81): error TS7006: Parameter 'a' implicitly has an 'any' type.
src/pages/Dashboard.tsx(13,84): error TS7006: Parameter 'b' implicitly has an 'any' type.
src/pages/Dashboard.tsx(68,33): error TS7006: Parameter 'a' implicitly has an 'any' type.
src/pages/Dashboard.tsx(98,47): error TS7006: Parameter 'zone' implicitly has an 'any' type.
src/pages/Navigation.tsx(2,26): error TS2307: Cannot find module '../../context/ZoneContext' or its corresponding type declarations.
src/pages/Navigation.tsx(3,28): error TS2307: Cannot find module '../../components/ui/GlassPanel' or its corresponding type declarations.
src/pages/Navigation.tsx(4,34): error TS2307: Cannot find module '../../types' or its corresponding type declarations.
src/pages/Navigation.tsx(5,46): error TS2307: Cannot find module '../../services/api' or its corresponding type declarations.
src/pages/Navigation.tsx(40,51): error TS7006: Parameter 'z' implicitly has an 'any' type.
src/pages/Navigation.tsx(63,29): error TS7006: Parameter 'z' implicitly has an 'any' type.
src/pages/Navigation.tsx(81,29): error TS7006: Parameter 'z' implicitly has an 'any' type.
src/pages/StaffDashboard.tsx(2,26): error TS2307: Cannot find module '../../context/ZoneContext' or its corresponding type declarations.
src/pages/StaffDashboard.tsx(3,38): error TS2307: Cannot find module '../../components/ui/GlassPanel' or its corresponding type declarations.
src/pages/StaffDashboard.tsx(4,26): error TS2307: Cannot find module '../../components/ui/ZoneCard' or its corresponding type declarations.
src/pages/StaffDashboard.tsx(5,28): error TS2307: Cannot find module '../../components/ui/AlertPanel' or its corresponding type declarations.
src/pages/StaffDashboard.tsx(6,55): error TS2307: Cannot find module '../../types' or its corresponding type declarations.
src/pages/StaffDashboard.tsx(11,8): error TS2307: Cannot find module '../../services/api' or its corresponding type declarations.
src/pages/StaffDashboard.tsx(52,39): error TS7006: Parameter 'z' implicitly has an 'any' type.
src/pages/StaffDashboard.tsx(53,36): error TS7006: Parameter 'z' implicitly has an 'any' type.
src/pages/StaffDashboard.tsx(70,63): error TS7006: Parameter 'a' implicitly has an 'any' type.
src/pages/StaffDashboard.tsx(86,35): error TS7006: Parameter 'z' implicitly has an 'any' type.
src/pages/StaffDashboard.tsx(150,37): error TS7006: Parameter 'z' implicitly has an 'any' type.
